// Jest Snapshot v1, https://goo.gl/fbAQLP

exports[`<GifItem /> component debe hacer match con el snapshot 1`] = `
<div>
  <div
    class="card"
  >
    <img
      alt="Saitama"
      src="https://www.test.com/"
    />
    <p>
      Saitama
    </p>
  </div>
</div>
`;
